A51 MACRO ASSEMBLER  COUNTER                                                              11/26/2017 20:34:39 PAGE     1


MACRO ASSEMBLER A51 V8.2.5.0
OBJECT MODULE PLACED IN .\Objects\counter.obj
ASSEMBLER INVOKED BY: C:\Keil_8051\C51\BIN\A51.EXE counter.s SET(SMALL) DEBUG PRINT(.\Listings\counter.lst) OBJECT(.\Obj
                      ects\counter.obj) EP

LOC  OBJ            LINE     SOURCE

                       1     

0000                   2     ORG 00H

                       3             

0000 758906            4     MOV TMOD,#06h     ; counter 0 MODE 2 8BIT auto reload mode

                       5     

0003 D2B4              6     SETB P3.4   ;T0 input pin

                       7     

0005 758A00            8     MOV TL0,#00H

0008 758C00            9     MOV TH0,#00H

                      10     

000B D28C             11     HERE:SETB TR0   ;counter 0 on

                      12     

000D 858A90           13     BACK:MOV P1,TL0

0010 308DFA           14     JNB TF0,BACK

                      15     

0013 C28C             16     CLR TR0

0015 C28D             17     CLR TF0

                      18     

0017 80F2             19     SJMP HERE

                      20     

                      21     END

A51 MACRO ASSEMBLER  COUNTER                                                              11/26/2017 20:34:39 PAGE     2

SYMBOL TABLE LISTING
------ ----- -------


N A M E             T Y P E  V A L U E   ATTRIBUTES

BACK . . . . . . .  C ADDR   000DH   A   
HERE . . . . . . .  C ADDR   000BH   A   
P1 . . . . . . . .  D ADDR   0090H   A   
P3 . . . . . . . .  D ADDR   00B0H   A   
TF0. . . . . . . .  B ADDR   0088H.5 A   
TH0. . . . . . . .  D ADDR   008CH   A   
TL0. . . . . . . .  D ADDR   008AH   A   
TMOD . . . . . . .  D ADDR   0089H   A   
TR0. . . . . . . .  B ADDR   0088H.4 A   


REGISTER BANK(S) USED: 0 


ASSEMBLY COMPLETE.  0 WARNING(S), 0 ERROR(S)
